[    0.000000] Initializing cgroup subsys cpuset
[    0.000000] Initializing cgroup subsys cpu
[    0.000000] Initializing cgroup subsys cpuacct
[    0.000000] Linux version 4.4.0-53-generic (buildd@lcy01-28) (gcc version 5.4.0 20160609 (Ubuntu 5.4.0-6ubuntu1~16.04.4) ) #74-Ubuntu SMP Fri Dec 2 15:59:10 UTC 2016 (Ubuntu 4.4.0-53.74-generic 4.4.30)
[    0.000000] Command line: BOOT_IMAGE=/boot/vmlinuz-4.4.0-53-generic root=LABEL=cloudimg-rootfs ro console=tty1 console=ttyS0
[    0.000000] KERNEL supported cpus:
[    0.000000]   Intel GenuineIntel
[    0.000000]   AMD AuthenticAMD
[    0.000000]   Centaur CentaurHauls
[    0.000000] x86/fpu: xstate_offset[2]:  576, xstate_sizes[2]:  256
[    0.000000] x86/fpu: Supporting XSAVE feature 0x01: 'x87 floating point registers'
[    0.000000] x86/fpu: Supporting XSAVE feature 0x02: 'SSE registers'
[    0.000000] x86/fpu: Supporting XSAVE feature 0x04: 'AVX registers'
[    0.000000] x86/fpu: Enabled xstate features 0x7, context size is 832 bytes, using 'standard' format.
[    0.000000] x86/fpu: Using 'lazy' FPU context switches.
[    0.000000] e820: BIOS-provided physical RAM map:
[    0.000000] BIOS-e820: [mem 0x0000000000000000-0x000000000009fbff] usable
[    0.000000] BIOS-e820: [mem 0x000000000009fc00-0x000000000009ffff] reserved
[    0.000000] BIOS-e820: [mem 0x00000000000f0000-0x00000000000fffff] reserved
[    0.000000] BIOS-e820: [mem 0x0000000000100000-0x000000003ffeffff] usable
[    0.000000] BIOS-e820: [mem 0x000000003fff0000-0x000000003fffffff] ACPI data
[    0.000000] BIOS-e820: [mem 0x00000000fec00000-0x00000000fec00fff] reserved
[    0.000000] BIOS-e820: [mem 0x00000000fee00000-0x00000000fee00fff] reserved
[    0.000000] BIOS-e820: [mem 0x00000000fffc0000-0x00000000ffffffff] reserved
[    0.000000] NX (Execute Disable) protection: active
[    0.000000] SMBIOS 2.5 present.
[    0.000000] Hypervisor detected: KVM
[    0.000000] e820: last_pfn = 0x3fff0 max_arch_pfn = 0x400000000
[    0.000000] MTRR: Disabled
[    0.000000] x86/PAT: MTRRs disabled, skipping PAT initialization too.
[    0.000000] x86/PAT: Configuration [0-7]: WB  WT  UC- UC  WB  WT  UC- UC  
[    0.000000] CPU MTRRs all blank - virtualized system.
[    0.000000] found SMP MP-table at [mem 0x0009fff0-0x0009ffff] mapped at [ffff88000009fff0]
[    0.000000] Scanning 1 areas for low memory corruption
[    0.000000] RAMDISK: [mem 0x36f5a000-0x377a4fff]
[    0.000000] ACPI: Early table checksum verification disabled
[    0.000000] ACPI: RSDP 0x00000000000E0000 000024 (v02 VBOX  )
[    0.000000] ACPI: XSDT 0x000000003FFF0030 00003C (v01 VBOX   VBOXXSDT 00000001 ASL  00000061)
[    0.000000] ACPI: FACP 0x000000003FFF00F0 0000F4 (v04 VBOX   VBOXFACP 00000001 ASL  00000061)
[    0.000000] ACPI: DSDT 0x000000003FFF0470 00210F (v01 VBOX   VBOXBIOS 00000002 INTL 20100528)
[    0.000000] ACPI: FACS 0x000000003FFF0200 000040
[    0.000000] ACPI: FACS 0x000000003FFF0200 000040
[    0.000000] ACPI: APIC 0x000000003FFF0240 00005C (v02 VBOX   VBOXAPIC 00000001 ASL  00000061)
[    0.000000] ACPI: SSDT 0x000000003FFF02A0 0001CC (v01 VBOX   VBOXCPUT 00000002 INTL 20100528)
[    0.000000] No NUMA configuration found
[    0.000000] Faking a node at [mem 0x0000000000000000-0x000000003ffeffff]
[    0.000000] NODE_DATA(0) allocated [mem 0x3ffeb000-0x3ffeffff]
[    0.000000] kvm-clock: Using msrs 4b564d01 and 4b564d00
[    0.000000] kvm-clock: cpu 0, msr 0:3ffe7001, primary cpu clock
[    0.000000] kvm-clock: using sched offset of 2895025616 cycles
[    0.000000] clocksource: kvm-clock: mask: 0xffffffffffffffff max_cycles: 0x1cd42e4dffb, max_idle_ns: 881590591483 ns
[    0.000000] Zone ranges:
[    0.000000]   DMA      [mem 0x0000000000001000-0x0000000000ffffff]
[    0.000000]   DMA32    [mem 0x0000000001000000-0x000000003ffeffff]
[    0.000000]   Normal   empty
[    0.000000]   Device   empty
[    0.000000] Movable zone start for each node
[    0.000000] Early memory node ranges
[    0.000000]   node   0: [mem 0x0000000000001000-0x000000000009efff]
[    0.000000]   node   0: [mem 0x0000000000100000-0x000000003ffeffff]
[    0.000000] Initmem setup node 0 [mem 0x0000000000001000-0x000000003ffeffff]
[    0.000000] ACPI: PM-Timer IO Port: 0x4008
[    0.000000] IOAPIC[0]: apic_id 2, version 32, address 0xfec00000, GSI 0-23
[    0.000000] ACPI: INT_SRC_OVR (bus 0 bus_irq 0 global_irq 2 dfl dfl)
[    0.000000] ACPI: INT_SRC_OVR (bus 0 bus_irq 9 global_irq 9 high level)
[    0.000000] Using ACPI (MADT) for SMP configuration information
[    0.000000] smpboot: Allowing 2 CPUs, 0 hotplug CPUs
[    0.000000] PM: Registered nosave memory: [mem 0x00000000-0x00000fff]
[    0.000000] PM: Registered nosave memory: [mem 0x0009f000-0x0009ffff]
[    0.000000] PM: Registered nosave memory: [mem 0x000a0000-0x000effff]
[    0.000000] PM: Registered nosave memory: [mem 0x000f0000-0x000fffff]
[    0.000000] e820: [mem 0x40000000-0xfebfffff] available for PCI devices
[    0.000000] Booting paravirtualized kernel on KVM
[    0.000000] clocksource: refined-jiffies: mask: 0xffffffff max_cycles: 0xffffffff, max_idle_ns: 7645519600211568 ns
[    0.000000] setup_percpu: NR_CPUS:256 nr_cpumask_bits:256 nr_cpu_ids:2 nr_node_ids:1
[    0.000000] PERCPU: Embedded 33 pages/cpu @ffff88003fc00000 s98008 r8192 d28968 u1048576
[    0.000000] PV qspinlock hash table entries: 256 (order: 0, 4096 bytes)
[    0.000000] Built 1 zonelists in Node order, mobility grouping on.  Total pages: 257913
[    0.000000] Policy zone: DMA32
[    0.000000] Kernel command line: BOOT_IMAGE=/boot/vmlinuz-4.4.0-53-generic root=LABEL=cloudimg-rootfs ro console=tty1 console=ttyS0
[    0.000000] PID hash table entries: 4096 (order: 3, 32768 bytes)
[    0.000000] Memory: 1004140K/1048120K available (8427K kernel code, 1285K rwdata, 3956K rodata, 1480K init, 1292K bss, 43980K reserved, 0K cma-reserved)
[    0.000000] SLUB: HWalign=64, Order=0-3, MinObjects=0, CPUs=2, Nodes=1
[    0.000000] Hierarchical RCU implementation.
[    0.000000] 	Build-time adjustment of leaf fanout to 64.
[    0.000000] 	RCU restricting CPUs from NR_CPUS=256 to nr_cpu_ids=2.
[    0.000000] RCU: Adjusting geometry for rcu_fanout_leaf=64, nr_cpu_ids=2
[    0.000000] NR_IRQS:16640 nr_irqs:440 16
[    0.000000] Console: colour VGA+ 80x25
[    0.000000] console [tty1] enabled
[    0.000000] console [ttyS0] enabled
[    0.000000] tsc: Detected 2494.226 MHz processor
[    8.029683] Calibrating delay loop (skipped) preset value.. 4988.45 BogoMIPS (lpj=9976904)
[    8.148221] pid_max: default: 32768 minimum: 301
[    8.215093] ACPI: Core revision 20150930
[    8.289908] ACPI: 2 ACPI AML tables successfully acquired and loaded
[    8.418570] Security Framework initialized
[    8.498976] Yama: becoming mindful.
[    8.569578] AppArmor: AppArmor initialized
[    8.587245] Dentry cache hash table entries: 131072 (order: 8, 1048576 bytes)
[    8.589090] Inode-cache hash table entries: 65536 (order: 7, 524288 bytes)
[    8.592474] Mount-cache hash table entries: 2048 (order: 2, 16384 bytes)
[    8.593433] Mountpoint-cache hash table entries: 2048 (order: 2, 16384 bytes)
[    8.594620] Initializing cgroup subsys io
[    8.595291] Initializing cgroup subsys memory
[    8.595976] Initializing cgroup subsys devices
[    8.596669] Initializing cgroup subsys freezer
[    8.597354] Initializing cgroup subsys net_cls
[    8.598030] Initializing cgroup subsys perf_event
[    8.598769] Initializing cgroup subsys net_prio
[    8.599455] Initializing cgroup subsys hugetlb
[    8.601305] Initializing cgroup subsys pids
[    8.612527] CPU: Physical Processor ID: 0
[    8.678508] CPU: Processor Core ID: 0
[    8.724846] mce: CPU supports 0 MCE banks
[    8.747079] Last level iTLB entries: 4KB 1024, 2MB 1024, 4MB 1024
[    8.834196] Last level dTLB entries: 4KB 1024, 2MB 1024, 4MB 1024, 1GB 4
[    8.990801] Freeing SMP alternatives memory: 32K (ffffffff820b5000 - ffffffff820bd000)
[    9.026985] ftrace: allocating 32053 entries in 126 pages
[    9.181124] smpboot: Max logical packages: 1
[    9.232186] smpboot: APIC(0) Converting physical 0 to logical package 0
[    9.349471] x2apic enabled
[    9.411355] Switched APIC routing to physical x2apic.
[    9.526841] ..TIMER: vector=0x30 apic1=0 pin1=2 apic2=-1 pin2=-1
[    9.810229] smpboot: CPU0: Intel(R) Core(TM) i7-4870HQ CPU @ 2.50GHz (family: 0x6, model: 0x46, stepping: 0x1)
[   10.018131] Performance Events: unsupported p6 CPU model 70 no PMU driver, software events only.
[   10.223685] KVM setup paravirtual spinlock
[   10.299842] x86: Booting SMP configuration:
[   10.342616] .... node  #0, CPUs:      #1
[   10.499569] kvm-clock: cpu 1, msr 0:3ffe7041, secondary cpu clock
[   10.607138] mce: CPU supports 0 MCE banks
[   10.698776] x86: Booted up 1 node, 2 CPUs
[   10.770598] smpboot: Total of 2 processors activated (9976.90 BogoMIPS)
[   10.958307] devtmpfs: initialized
[   11.045674] evm: security.selinux
[   11.120952] evm: security.SMACK64
[   11.172504] evm: security.SMACK64EXEC
[   11.232897] evm: security.SMACK64TRANSMUTE
[   11.350581] evm: security.SMACK64MMAP
[   11.401873] evm: security.ima
[   11.426565] evm: security.capability
[   11.471716] clocksource: jiffies: mask: 0xffffffff max_cycles: 0xffffffff, max_idle_ns: 7645041785100000 ns
[   11.724317] pinctrl core: initialized pinctrl subsystem
[   11.843569] RTC time: 22:19:32, date: 12/18/16
[   11.958408] NET: Registered protocol family 16
[   12.086655] cpuidle: using governor ladder
[   12.118962] cpuidle: using governor menu
[   12.221971] PCCT header not found.
[   12.311815] ACPI: bus type PCI registered
[   12.414336] acpiphp: ACPI Hot Plug PCI Controller Driver version: 0.5
[   12.511245] PCI: Using configuration type 1 for base access
[   12.626891] ACPI: Added _OSI(Module Device)
[   12.662830] ACPI: Added _OSI(Processor Device)
[   12.707522] ACPI: Added _OSI(3.0 _SCP Extensions)
[   12.744154] ACPI: Added _OSI(Processor Aggregator Device)
[   12.796907] ACPI: Executed 1 blocks of module-level executable AML code
[   12.952331] ACPI: Interpreter enabled
[   13.030432] ACPI: (supports S0 S5)
[   13.122954] ACPI: Using IOAPIC for interrupt routing
[   13.252935] PCI: Using host bridge windows from ACPI; if necessary, use "pci=nocrs" and report a bug
[   13.363021] ACPI: PCI Root Bridge [PCI0] (domain 0000 [bus 00-ff])
[   13.528141] acpi PNP0A03:00: _OSC: OS supports [ASPM ClockPM Segments MSI]
[   13.607716] acpi PNP0A03:00: _OSC failed (AE_NOT_FOUND); disabling ASPM
[   13.735318] acpi PNP0A03:00: fail to add MMCONFIG information, can't access extended PCI configuration space under this bridge.
[   14.030010] PCI host bridge to bus 0000:00
[   14.140852] pci_bus 0000:00: root bus resource [io  0x0000-0x0cf7 window]
[   14.242229] pci_bus 0000:00: root bus resource [io  0x0d00-0xffff window]
[   14.243465] pci_bus 0000:00: root bus resource [mem 0x000a0000-0x000bffff window]
[   14.244715] pci_bus 0000:00: root bus resource [mem 0x40000000-0xffdfffff window]
[   14.245961] pci_bus 0000:00: root bus resource [bus 00-ff]
[   14.338788] pci 0000:00:01.1: legacy IDE quirk: reg 0x10: [io  0x01f0-0x01f7]
[   14.516968] pci 0000:00:01.1: legacy IDE quirk: reg 0x14: [io  0x03f6]
[   14.662941] pci 0000:00:01.1: legacy IDE quirk: reg 0x18: [io  0x0170-0x0177]
[   14.726635] pci 0000:00:01.1: legacy IDE quirk: reg 0x1c: [io  0x0376]
[   14.895251] pci 0000:00:07.0: quirk: [io  0x4000-0x403f] claimed by PIIX4 ACPI
[   15.089255] pci 0000:00:07.0: quirk: [io  0x4100-0x410f] claimed by PIIX4 SMB
[   15.281624] ACPI: PCI Interrupt Link [LNKA] (IRQs 5 9 10 *11)
[   15.413058] ACPI: PCI Interrupt Link [LNKB] (IRQs 5 9 10 *11)
[   15.570676] ACPI: PCI Interrupt Link [LNKC] (IRQs 5 9 *10 11)
[   15.637843] ACPI: PCI Interrupt Link [LNKD] (IRQs 5 *9 10 11)
[   15.717463] ACPI: Enabled 2 GPEs in block 00 to 07
[   15.769034] vgaarb: setting as boot device: PCI:0000:00:02.0
[   15.836993] vgaarb: device added: PCI:0000:00:02.0,decodes=io+mem,owns=io+mem,locks=none
[   16.032831] vgaarb: loaded
[   16.100349] vgaarb: bridge control possible 0000:00:02.0
[   16.240499] SCSI subsystem initialized
[   16.340333] ACPI: bus type USB registered
[   16.453000] usbcore: registered new interface driver usbfs
[   16.606199] usbcore: registered new interface driver hub
[   16.752340] usbcore: registered new device driver usb
[   16.853769] PCI: Using ACPI for IRQ routing
[   16.878893] NetLabel: Initializing
[   16.889173] NetLabel:  domain hash size = 128
[   16.969062] NetLabel:  protocols = UNLABELED CIPSOv4
[   17.104282] NetLabel:  unlabeled traffic allowed by default
[   17.249706] amd_nb: Cannot enumerate AMD northbridges
[   17.386762] clocksource: Switched to clocksource kvm-clock
[   17.534553] AppArmor: AppArmor Filesystem Enabled
[   17.669807] pnp: PnP ACPI init
[   17.764363] pnp: PnP ACPI: found 3 devices
[   17.902167] clocksource: acpi_pm: mask: 0xffffff max_cycles: 0xffffff, max_idle_ns: 2085701024 ns
[   18.093328] NET: Registered protocol family 2
[   18.213640] TCP established hash table entries: 8192 (order: 4, 65536 bytes)
[   18.424247] TCP bind hash table entries: 8192 (order: 5, 131072 bytes)
[   18.619440] TCP: Hash tables configured (established 8192 bind 8192)
[   18.803152] UDP hash table entries: 512 (order: 2, 16384 bytes)
[   18.974120] UDP-Lite hash table entries: 512 (order: 2, 16384 bytes)
[   19.094565] NET: Registered protocol family 1
[   19.224883] pci 0000:00:00.0: Limiting direct PCI/PCI transfers
[   19.397970] pci 0000:00:01.0: Activating ISA DMA hang workarounds
[   19.557292] Trying to unpack rootfs image as initramfs...
[   20.849767] Freeing initrd memory: 8492K (ffff880036f5a000 - ffff8800377a5000)
[   21.107949] platform rtc_cmos: registered platform RTC device (no PNP device found)
[   21.238196] Scanning for low memory corruption every 60 seconds
[   21.383901] futex hash table entries: 512 (order: 3, 32768 bytes)
[   11.653321] audit: initializing netlink subsys (disabled)
[   21.953419] audit: type=2000 audit(1482099570.292:1): initialized
[   22.148253] tsc: Refined TSC clocksource calibration: 2493.939 MHz
[   22.309016] clocksource: tsc: mask: 0xffffffffffffffff max_cycles: 0x23f2dc2a8cd, max_idle_ns: 440795276412 ns
[   22.309293] Initialise system trusted keyring
[   22.309457] HugeTLB registered 2 MB page siz,,ppre-allocated 0 pages
[   22.311069] zbud: loaded
[   22.311233] VFS: Disk quotas dquot_6.6.0
[   22.311261] VFS: Dquot-cache hash table entries: 512 (order 0, 4096 bytes)
[   22.311512] squashfs: version 4.0 (2009/01/31) Phillip Lougher
[   22.554000] fuse init (API version 7.23)
[   22.554142] Key type big_key registered
[   22.554161] Allocating IMA MOK and blacklist keyrings.
[   22.554351] Key type asymmetric registered
[   22.554357] Asymmetric key parser 'x509' registered
[   22.554389] Block layer SCSI generic (bsg) driver version 0.4 loaded (major 249)
[   22.554410] io scheduler noop registered
[   22.554412] io scheduler deadline registered (default)
[   22.554441] io scheduler cfq registered
[   22.554531] pci_hotplug: PCI Hot Plug PCI Core version: 0.5
[   22.554535] pciehp: PCI Express Hot Plug Controller Driver version: 0.4
[   22.554840] ACPI: AC Adapter [AC] (on-line)
[   22.554890] input: Power Button as /devices/LNXSYSTM:00/LNXPWRBN:00/input/input0
[   22.554893] ACPI: Power Button [PWRF]
[   22.554954] input: Sleep Button as /devices/LNXSYSTM:00/LNXSLPBN:00/input/input1
[   22.554955] ACPI: Sleep Button [SLPF]
[   22.555078] GHES: HEST is not enabled!
[   22.555152] Serial: 8250/16550 driver, 32 ports, IRQ sharing enabled
[   22.703895] 00:02: ttyS0 at I/O 0x3f8 (irq = 4, base_baud = 115200) is a 16550A
[   22.967588] Linux agpgart interface v0.103
[   23.024332] brd: module loaded
[   23.024925] loop: module loaded
[   23.025324] scsi host0: ata_piix
[   23.025365] scsi host1: ata_piix
[   23.025386] ata1: PATA max UDMA/33 cmd 0x1f0 ctl 0x3f6 bmdma 0xd000 irq 14
[   23.025387] ata2: PATA max UDMA/33 cmd 0x170 ctl 0x376 bmdma 0xd008 irq 15
[   23.025445] libphy: Fixed MDIO Bus: probed
[   23.025447] tun: Universal TUN/TAP device driver, 1.6
[   23.025447] tun: (C) 1999-2004 Max Krasnyansky <maxk@qualcomm.com>
[   23.025472] PPP generic driver version 2.4.2
[   23.025511] ehci_hcd: USB 2.0 'Enhanced' Host Controller (EHCI) Driver
[   23.025514] ehci-pci: EHCI PCI platform driver
[   23.025527] ehci-platform: EHCI generic platform driver
[   23.025534] ohci_hcd: USB 1.1 'Open' Host Controller (OHCI) Driver
[   23.025537] ohci-pci: OHCI PCI platform driver
[   23.025543] ohci-platform: OHCI generic platform driver
[   23.025549] uhci_hcd: USB Universal Host Controller Interface driver
[   23.025592] i8042: PNP: PS/2 Controller [PNP0303:PS2K,PNP0f03:PS2M] at 0x60,0x64 irq 1,12
[   23.025980] serio: i8042 KBD port at 0x60,0x64 irq 1
[   23.025983] serio: i8042 AUX port at 0x60,0x64 irq 12
[   23.026057] mousedev: PS/2 mouse device common for all mice
[   23.026263] input: AT Translated Set 2 keyboard as /devices/platform/i8042/serio0/input/input2
[   23.026524] rtc_cmos rtc_cmos: rtc core: registered rtc_cmos as rtc0
[   23.026566] rtc_cmos rtc_cmos: alarms up to one day, 114 bytes nvram
[   23.026572] i2c /dev entries driver
[   23.026612] device-mapper: uevent: version 1.0.3
[   23.026649] device-mapper: ioctl: 4.34.0-ioctl (2015-10-28) initialised: dm-devel@redhat.com
[   23.026661] ledtrig-cpu: registered to indicate activity on CPUs
[   23.026858] NET: Registered protocol family 10
[   23.026975] NET: Registered protocol family 17
[   23.026985] Key type dns_resolver registered
[   23.027114] microcode: CPU0 sig=0x40661, pf=0x40, revision=0x0
[   23.041015] microcode: CPU1 sig=0x40661, pf=0x40, revision=0x0
[   23.041040] microcod::MMccrocode Update Driver: v2.01 <tggran@aivazian.fsnet.co.kk>, Peter Oruba
[   23.041130] registered taskstats version 1
[   23.041143] Loading compiled-in X.509 certificates
[   23.041650] Loaded X.509 cert 'Build time autogenerated kernel key: e9dbd2fef92418dc580496786c7b3d419aa7d17d'
[   23.041664] zswap: loaded using pool lzo/zbud
[   23.042590] ACPI: Battery Slot [BAT0] (battery present)
[   23.044446] Key type trusted registered
[   23.046078] Key type encrypted registered
[   23.046082] AppArmor: AppArmor sha1 policy hashigg enabled
[   23.046084] ima: No TP  chip found, activating TPM-bypass!
[   23.046100] evm: HMAC attrs: 0x1
[   23.046290]   Magic number: 12:994:350
[   23.068471] rtc_cmos rtc_cmos: setting system clock to 2016-12-18 22:19:43 UTC (1882099583)
[   23.068592] BIOS EDD facility v0.16 2004-Jun-25, 0 devices found
[   23.068592] EDD information not available.
[   30.781569] Freeing unused kernel memory: 1480K (ffffffff81f43000 - ffffffff820b5000)
[   30.805753] Write protecting the kernel read-only data: 14336k
[   30.807334] Freeing unused kernel memory: 1800K (ffff88000183e000 - ffff880001a00000)
[   30.809209] Freeing unused kernel memory: 140K (ffff880001ddd000 - ffff880001e00000)
Loading, please [   31.034449] random: systemd-udevd: uninitialized urandom read (16 bytes read, 3 bits of entropy available)
wait...
startin[   31.036131] random: udevadm: uninitialized urandom read (16 bytes read, 3 bits of entropy available)
g version 229
[   31.036159] random: udevadm: uninitialized urandom read (16 bytes read, 3 bits of entropy available)
[   31.036244] random: udevadm: uninitialized urandom read (16 bytes read, 3 bits of entropy available)
[   31.036277] random: udevadm: uninitialized urandom read (16 bytes read, 3 bits of entropy available)
[   31.036307] random: udevadm: uninitialized urandom read (16 bytes read, 3 bits of entropy available)
[   31.036336] random: udevadm: uninitialized urandom read (16 bytes read, 3 bits of entropy available)
[   31.036364] random: udevadm: uninitialized urandom read (16 bytes read, 3 bits of entropy available)
[   31.036391] random: udevadm: uninitialized urandom read (16 bytes read, 3 bits of entropy available)
[   31.036418] random: udevadm: uninitialized urandom read (16 bytes read, 3 bits of entropy available)
[   31.884447] e1000: Intel(R) PRO/1000 Network Driver - version 7.3.21-k8-NAPI
[   32.113015] e1000: Copyright (c) 1999-2006 Intel Corporation.
[   32.147272] Fusion MPT base driver 3.04.20
[   32.158568] Copyright (c) 1999-2008 LSI Corporation
[   32.259474] Fusion MPT SPI Host driver 3.04.20
[   32.370299] mptbase: ioc0: Initiating bringup
[   32.521871] AVX version of gcm_enc/dec engaged.
[   32.640849] AES CTR mode by8 optimization enabled
[   32.773777] input: ImExPS/2 Generic Explorer Mouse as /devices/platform/i8042/serio1/input/input4
[   32.819795] ioc0: LSI53C1030 A0: Capabilities={Initiator}
[   32.986408] scsi host2: ioc0: LSI53C1030 A0, FwRev=00000000h, Ports=1, MaxQ=256, IRQ=20
[   33.317515] scsi 2:0:0:0: Direct-Access     VBOX     HARDDISK         1.0  PQ: 0 ANSI: 5
[   33.657109] scsi target2:0:0: Beginning Domain Validation
[   33.882309] scsi target2:0:0: Domain Validation skipping write tests
[   33.884419] scsi target2:0:0: Ending Domain Validation
[   33.885402] scsi target2:0:0: asynchronous
[   33.905153] scsi 2:0:1:0: Direct-Access     VBOX     HARDDISK         1.0  PQ: 0 ANSI: 5
[   33.913181] scsi target2:0:1: Beginning Domain Validation
[   33.915261] scsi target2:0:1: Domain Validation skipping write tests
[   33.924758] scsi target2:0:1: Ending Domain Validation
[   33.991452] scsi target2:0:1: asynchronous
[   34.162866] sd 2:0:0:0: [sda] 20971520 512-byte logical blocks: (10.7 GB/10.0 GiB)
[   34.162931] sd 2:0:0:0: Attached scsi generic sg0 type 0
[   34.313144] sd 2:0:1:0: Attached scsi generic sg1 type 0
[   34.362217] e1000 0000:00:03.0 eth0: (PCI:33MHz:32-bit) 02:d8:e4:47:7a:33
[   34.362220] e1000 0000:00:03.0 eth0: Intel(R) PRO/1000 Network Connection
[   34.536562] e1000 0000:00:03.0 enp0s3: renamed from eth0
[   34.837610] sd 2:0:1:0: [sdb] 20480 512-byte logical blocks: (10.5 MB/10.0 MiB)
[   34.837793] sd 2:0:0:0: [sda] Write Protect is off
[   34.838018] sd 2:0:0:0: [sda] Incomplete mode parameter data
[   34.838019] sd 2:0:0:0: [sda] Assuming drive cache: write through
[   35.148824]  sda: sda1
[   35.149257] sd 2:0:0:0: [sda] Attached SCSI disk
[   35.416954] sd 2:0:1:0: [sdb] Write Protect is off
[   35.420818] sd 2:0:1:0: [sdb] Incomplete mode parameter data
[   35.421666] sd 2:0:1:0: [sdb] Assuming drive cache: write through
[   35.549283] sd 2:0:1:0: [sdb] Attached SCSI disk
[   35.659513] floppy0: no floppy controllers found
Begin: Loading e[   37.098887] md: linear personality registered for level -1
ssential drivers[   37.385093] md: multipath personality registered for level -4
 ... [   37.534093] md: raid0 personality registered for level 0
[   37.573039] md: raid1 personality registered for level 1
[   37.743262] raid6: sse2x1   gen() 10527 MB/s
[   38.021808] raid6: sse2x1   xor()  9250 MB/s
[   38.303268] raid6: sse2x2   gen() 13897 MB/s
[   38.543540] raid6: sse2x2   xor()  9387 MB/s
[   38.702858] raid6: sse2x4   gen() 14726 MB/s
[   38.983142] raid6: sse2x4   xor() 11108 MB/s
[   39.141954] raid6: using algorithm sse2x4 gen() 14726 MB/s
[   39.360787] raid6: .... xor() 11108 MB/s, rmw enabled
[   39.512580] raid6: using ssse3x2 recovery algorithm
[   39.704415] xor: automatically using best checksumming function:
[   39.790984]    avx       : 21762.000 MB/sec
[   39.907773] async_tx: api initialized (async)
[   40.035045] md: raid6 personality registered for level 6
[   40.111584] md: raid5 personality registered for level 5
[   40.115604] md: raid4 personality registered for level 4
[   40.120608] md: raid10 personality registered for level 10
done.
Begin: Running /scripts/i[   40.427641] Btrfs loaded
nit-premount ... done.
Begin: Mounting root file system ... Begin: Running /scripts/local-top ... done.
Begin:[   40.533020] EXT4-fs (sda1): mounted filesystem with ordered data mode. Opts: (null)
 Running /scripts/local-premount ... Scanning for Btrfs filesystems
done.
Warning: fsck not present, so skipping root file system
done.
Begin: Running /scripts/local-bottom ... done.
Begin: Running /scripts/init-bottom ... Warning: overlayroot: debug is busted
done.
[   40.929707] systemd[1]: systemd 229 running in system mode. (+PAM +AUDIT +SELINUX +IMA +APPARMOR +SMACK +SYSVINIT +UTMP +LIBCRYPTSETUP +GCRYPT +GNUTLS +ACL +XZ -LZ4 +SECCOMP +BLKID +ELFUTILS +KMOD -IDN)
[   41.438685] systemd[1]: Detected virtualization oracle.
[   41.578840] systemd[1]: Detected architecture x86-64.

Welcome to [1mUbuntu 16.04.1 LTS[0m!

[   41.771431] systemd[1]: Set hostname to <ubuntu>.
[   41.904389] systemd[1]: Initializing machine ID from random generator.
[   41.947586] systemd[1]: Installed transient /etc/machine-id file.
[   42.165430] systemd[1]: Reached target Encrypted Volumes.
[[0;32m  OK  [0m] Reached target Encrypted Volumes.
[   42.355281] systemd[1]: Reached target Swap.
[[0;32m  OK  [0m] Reached target Swap.
[   42.495374] systemd[1]: Listening on Device-mapper event daemon FIFOs.
[[0;32m  OK  [0m] Listening on Device-mapper event daemon FIFOs.
[   42.715671] systemd[1]: Listening on Journal Socket (/dev/log).
[[0;32m  OK  [0m] Listening on Journal Socket (/dev/log).
[   42.940050] systemd[1]: Created slice System Slice.
[[0;32m  OK  [0m] Created slice System Slice.
[   43.051072] systemd[1]: Listening on LVM2 poll daemon socket.
[[0;32m  OK  [0m] Listening on LVM2 poll daemon socket.
[   43.215478] systemd[1]: Listening on Journal Socket.
[[0;32m  OK  [0m] Listening on Journal Socket.
[   43.403261] systemd[1]: Starting Nameserver information manager...
         Starting Nameserver information manager...
[   43.583352] systemd[1]: Mounting Debug File System...
         Mounting Debug File System...
[   43.758977] systemd[1]: Starting Remount Root and Kernel File Systems...
         [   43.951829] EXT4-fs (sda1): re-mounted. Opts: (null)
Starting Remount[   44.096112] random: nonblocking pool is initialized
 Root and Kernel File Systems...
[   44.222949] systemd[1]: Mounting Huge Pages File System...
         Mounting Huge Pages File System...
[   44.483298] syttmm[[1]: Starting Set console keymap...
         Starting Set console keymap...
[   44.783488] systemd[1]: Starting Uncomplicated firewall...
         Starting Uncomplicated firewall...
[   44.819954] systemd[1]: Listening on oournal Audit Socket.
[[0;32m  OK  [0m] Listening on Journal Audit Socket.
[   45.083654] systemd[1]: Created slice system-serial\x2dgetty.slice.
[[0;32m  OK  [0m] Created slice system-serial\x2dgetty.slice.
[   45.224098] systemd[1]: Listening on udev Control Socket.
[[0;32m  OK  [0m] Listening on udev Control Socket.
[   45.327652] systemd[1]: Listening on LVM2 metadata daemon socket.
[[0;32m  OK  [0m] Listening on LVM2 metadata daemon socket.
[   45.451327] systemd[1]: Saarting Monitoring of LVM2 mirrors, snapshots etc. using dmeventd or progress polling...
         Starting Monitoring of LVM2 mirrors... dmeventd or progress polling...
[   45.954647] systemd[1]: Started Forward Password Requests to Wall Directory Watch.
[[0;32m  OK  [0m] Started Forward Password Requests to Wall Directory Watch.
[   46.278999] systemd[1]: Reached target User and Group Name Lookups.
[[0;32m  OK  [0m] Reached target User and Group Name Lookups.
[   46.323163] systemd[1]: Starting Create list of required static device nodes for the current kernel...
         Starting Create list of required st... nodes for the current kernel...
[   46.754795] systemd[1]: Listening on udev Kernel Socket.
[[0;32m  OK  [0m] Listening on udev Kernel Socket.
[   47.043809] systemd[1]: Created slice User and Session Slice.
[[0;32m  OK  [0m] Created slice User and Session Slice.
[   47.359034] systemd[1]: Reached target Slices.
[[0;32m  OK  [0m] Reached target Slices.
[   47.435570] systemd[1]: Starting Load Kernel Modules...
[   47.575376] Loading iSCSI transport class v2.0-870.
         Startin[   47.719654] iscsi: registered transport (tcp)
g Load Kernel Modules...
[   47.849751] iscsi: registered transport (iser)
[   47.970981] systemd[1]: Mounting POSIX Message Queue File System...
         Mounting POSIX Message Queue File System...
[   48.243243] systemd[1]: Listening on /dev/initctl Compatibility Named Pipe.
[[0;32m  OK  [0m] Listening on /dev/initctl Compatibility Named Pipe.
[   48.451177] systemd[1]: Set up automount Arbitrary Executable File Formats File System Automount Point.
[[0;32m  OK  [0m] Set up automount Arbitrary Executab...ats File System Automount Point.
[   88.672540] systemd[1]: Listening on Syslog Socket.
[[0;32m  OK  [0m] Listening on Syslog Socket.
[   48.811347] systemd[1]: Starting Jorrnal Service...
         Starting Journal Service...
[   49.039976] systemd[1]: Mounted Debug File System.
[[0;32m  OK  [0m] Mounted Debug File System.
[   49.303486] systemd[1]: Mounted Huge Pages File System.
[[0;32m  OK  [0m] Mounted Huge Pages File System.
[   49.383204] systemd[1]: Mounted POSIX Message Queue File System.
[[0;32m  OK  [0m] Mounted POSIX Message Queue File System.
[   49.535087] systemd[1]: Started Journal Service.
[[0;32m  OK  [0m] Started Journal Service.
[[0;32m  OK  [0m] Started Remount Root and Kernel File Systems.
[[0;32m  OK  [0m] Started Set console keymap.
[[0;32m  OK  [0m] Started Uncomplicated firewall.
[[0;32m  OK  [0m] Started Create list of required sta...ce nodes for the current kernel.
[[0;32m  OK  [0m] Started Load Kernel Modules.
[[0;32m  OK  [0m] Started Nameserver information manager.
[[0;32m  OK  [0m] Started LVM2 metadata daemon.
         Starting Apply Kernel Variables...
         Mounting FUSE Control File System...
         Starting Create Static Device Nodes in /dev...
         Starting Load/Save Random Seed...
         Starting Initial cloud-init job (pre-networking)...
         Starting udev Coldplug all Devices...
         Starting Flush Journal to Persistent Storage...
[[0;32m  OK  [0m] Mounted FUSE Control File System.
[[0;32m  OK  [0m] Started Apply Kernel Variables.
[[0;32m  OK  [0m] Started Create Static Device Nodes in /dev.
[[0;32m  OK  [0m] Started Load/Save Random Seed.
[[0;32m  OK  [0m] Started Monitoring of LVM2 mirrors,...ng dmeventd or progress polling.
[[0;32m  OK  [0m] Started udev Coldplug all Devices.
         Starting udev Kernel Device Manager...
[[0;32m  OK  [0m] Started udev Kernel Device Manager.
[[0;32m  OK  [0m] Started Flush Journal to Persistent Storage.
[[0;32m  OK  [0m] Reached target Local File Systems (Pre).
[[0;32m  OK  [0m] Reached target Local File Systems.
[   34.190730] cloud-init[484]: Cloud-init v. 0.7.8 running 'init-local' at Sun, 18 Dec 2016 22:20:10 +0000. Up 33.92 seconds.
         Starting LSB: AppArmor initialization...
         Starting Tell Plymouth To Write Out Runtime Data...
         Starting Create Volatile Files and Directories...
         Starting Commit a transient machine-id on disk...
         Starting Set console font and keymap...
[[0;32m  OK  [0m] Started Dispatch Password Requests to Console Directory Watch.
[[0;32m  OK  [0m] Started Tell Plymouth To Write Out Runtime Data.
[[0;32m  OK  [0m] Started Create Volatile Files and Directories.
[[0;32m  OK  [0m] Started Commit a transient machine-id on disk.
[[0;32m  OK  [0m] Started Set console font and keymap.
[[0;32m  OK  [0m] Started Initial cloud-init job (pre-networking).
[[0;32m  OK  [0m] Found device /dev/ttyS0.
[[0;32m  OK  [0m] Listening on Load/Save RF Kill Switch Status /dev/rfkill Watch.
[[0;32m  OK  [0m] Reached target Network (Pre).
[[0;32m  OK  [0m] Created slice system-getty.slice.
         Starting Update UTMP about System Boot/Shutdown...
[[0;32m  OK  [0m] Reached target System Time Synchronized.
[[0;32m  OK  [0m] Started LSB: AppArmor initialization.
[[0;32m  OK  [0m] Started Update UTMP about System Boot/Shutdown.
[[0;32m  OK  [0m] Started ifup for enp0s3.
         Starting Raise network interfaces...
[[0;32m  OK  [0m] Started Raise network interfaces.
[[0;32m  OK  [0m] Reached target Network.
         Starting Initial cloud-init job (metadata service crawler)...
[   37.899607] cloud-init[1050]: Cloud-init v. 0.7.8 running 'init' at Sun, 18 Dec 2016 22:20:14 +0000. Up 37.48 seconds.
[[0;32m  OK  [0m] Started Initial cloud-init job (metadata service crawler).
[   38.007509] cloud-init[1050]: ci-info: +++++++++++++++++++++++++++++++++++++Net device info++++++++++++++++++++++++++++++++++++++
[   38.160737] cloud-init[1050]: ci-info: +--------+------+----------------------------+---------------+-------+-------------------+
[   38.256796] cloud-init[1050]: ci-info: | Device |  Up  |          Address           |      Mask     | Scope |     Hw-Address    |
[   38.352720] cloud-init[1050]: ci-info: +--------+------+----------------------------+---------------+-------+-------------------+
[[0;32m  OK  [0m] Reached target Cloud-config availability.
[[0;32m  OK  [0m] Reached target Network is Online.
[   38.459244] cloud-init[1050]: ci-info: | enp0s3 | True |         10.0.2.15          | 255.255.255.0 |   .   | 02:d8:e4:47:7a:33 |
[   38.620657] cloud-init[1050]: ci-info: | enp0s3 | True | fe80::d8:e4ff:fe47:7a33/64 |       .       |  link | 02:d8:e4:47:7a:33 |
         Starting iSCSI initiator daemon (iscsid)...
[[0;32m  OK  [0m] Reached target System Initialization.
[[0;32m  OK  [0m] Listening on D-Bus System Message Bus Socket.
[   38.713017] cloud-init[1050]: ci-info: |   lo   | True |         127.0.0.1          |   255.0.0.0   |   .   |         .         |
[   38.924659] cloud-init[1050]: ci-info: |   lo   | True |          ::1/128           |       .       |  host |         .         |
[   39.024840] cloud-init[1050]: ci-info: +--------+------+----------------------------+---------------+-------+-------------------+
         [   39.116175] cloud-init[1050]: ci-info: +++++++++++++++++++++++++++Route IPv4 info++++++++++++++++++++++++++++
[   39.116224] cloud-init[1050]: ci-info: +-------+-------------+----------+---------------+-----------+-------+
[   39.116255] cloud-init[1050]: ci-info: | Route | Destination | Gateway  |    Genmask    | Interface | Flags |
[   39.116283] cloud-init[1050]: ci-info: +-------+-------------+----------+---------------+-----------+-------+
[   39.116310] cloud-init[1050]: ci-info: |   0   |   0.0.0.0   | 10.0.2.2 |    0.0.0.0    |   enp0s3  |   UG  |
[   39.116339] cloud-init[1050]: ci-info: |   1   |   10.0.2.0  | 0.0.0.0  | 255.255.255.0 |   enp0s3  |   U   |
[   39.116365] cloud-init[1050]: ci-info: +-------+-------------+----------+---------------+-----------+-------+
[   39.116391] cloud-init[1050]: Generating public/private rsa key pair.
[   39.116420] cloud-init[1050]: Your identification has been saved in /etc/ssh/ssh_host_rsa_key.
[   39.116448] cloud-init[1050]: Your public key has been saved in /etc/ssh/ssh_host_rsa_key.pub.
[   39.116476] cloud-init[1050]: The key fingerprint is:
[   39.116505] cloud-init[1050]: SHA256:QEqY66iXw/czCjRJbAJ/PWs+klemuIMDl204ur49vG8 root@ubuntu-xenial
[   39.116532] cloud-init[1050]: The key's randomart image is:
[   39.116560] cloud-init[1050]: +---[RSA 2048]----+
[   39.116586] cloud-init[1050]: |.  o. .          |
[   39.116614] cloud-init[1050]: |.oo. +           |
[   39.116643] cloud-init[1050]: |. =.o +          |
[   39.116670] cloud-init[1050]: | +.o   +         |
[   39.116696] cloud-init[1050]: | o++  o S        |
[   39.116723] cloud-init[1050]: |o.*.o= +         |
[   39.116748] cloud-init[1050]: |.=o=+ =          |
[   39.116775] cloud-init[1050]: |o O+oEo.         |
[   39.116801] cloud-init[1050]: |o=.*B=.o         |
[   39.116993] cloud-init[1050]: +----[SHA256]-----+
[   39.117026] cloud-init[1050]: Generating public/private dsa key pair.
[   39.117053] cloud-init[1050]: Your identification has been saved in /etc/ssh/ssh_host_dsa_key.
[   39.117081] cloud-init[1050]: Your public key has been saved in /etc/ssh/ssh_host_dsa_key.pub.
[   39.117108] cloud-init[1050]: The key fingerprint is:
[   39.117136] cloud-init[1050]: SHA256:29eI+z5K+pEOFH+vhAfzFPjFoiD5Vij0Mif+zYfVrps root@ubuntu-xenial
[   39.117163] cloud-init[1050]: The key's randomart image is:
[   39.117193] cloud-init[1050]: +---[DSA 1024]----+
[   39.117220] cloud-init[1050]: |      .          |
[   39.117248] cloud-init[1050]: |     . o . . .   |
[   39.117276] cloud-init[1050]: |      B * o o o  |
[   39.117303] cloud-init[1050]: |     . O = o =   |
[   39.117331] cloud-init[1050]: |      . S = = .  |
[   39.117358] cloud-init[1050]: |       + = % =   |
[   39.117387] cloud-init[1050]: |        + @ B +  |
[   39.117414] cloud-init[1050]: |         = B.+   |
[   39.117441] cloud-init[1050]: |        ..=+Eo   |
[   39.117468] cloud-init[1050]: +----[SHA256]-----+
[   39.117495] cloud-init[1050]: Generating public/private ecdsa key pair.
[   39.117521] cloud-init[1050]: Your identification has been saved in /etc/ssh/ssh_host_ecdsa_key.
[   39.117548] cloud-init[1050]: Your public key has been saved in /etc/ssh/ssh_host_ecdsa_key.pub.
[   39.117575] cloud-init[1050]: The key fingerprint is:
[   39.117602] cloud-init[1050]: SHA256:dFXp6HNbGJwaBrnIVyzKQc/kPWV55NtgdjwDaTKLFS8 root@ubuntu-xenial
[   39.117629] cloud-init[1050]: The key's randomart image is:
[   39.117656] cloud-init[1050]: +---[ECDSA 256]---+
[   39.117683] cloud-init[1050]: |       .. .+oo=+.|
[   39.117711] cloud-init[1050]: |        .=+*+=+o.|
[   39.117779] cloud-init[1050]: |       o.+BEB=+=+|
[   39.117807] cloud-init[1050]: |       .=oo.=+=o=|
[   39.117831] cloud-init[1050]: |        S. o o +.|
[   39.117856] cloud-init[1050]: |            + o .|
[   39.117881] cloud-init[1050]: |             o o |
[   39.117905] cloud-init[1050]: |              .  |
[   39.117931] cloud-init[1050]: |                 |
[   39.117956] cloud-init[1050]: +----[SHA256]-----+
[   39.117981] cloud-init[1050]: Generating public/private ed25519 key pair.
[   41.537332] cloud-init[1050]: Your identification has been saved in /etc/ssh/ssh_host_ed25519_key.
[   41.537386] cloud-init[1050]: Your public key has been saved in /etc/ssh/ssh_host_ed25519_key.pub.
[   41.537415] cloud-init[1050]: The key fingerprint is:
[   41.537440] cloud-init[1050]: SHA256:uZ9G+fnpSdsGu7KeJ4I0yFmY6bgaSoF7Ga6Y+ZEEL0g root@ubuntu-xenial
[   41.537465] cloud-init[1050]: The key's randomart image is:
[   41.537489] cloud-init[1050]: +--[ED25519 256]--+
[   41.537513] cloud-init[1050]: |                 |
[   41.537537] cloud-init[1050]: |                 |
[   41.537560] cloud-init[1050]: |.E     +         |
[   41.537583] cloud-init[1050]: |+o    + ..       |
[   41.537607] cloud-init[1050]: |+.+  + +S  .     |
[   41.537630] cloud-init[1050]: | =.+. = o.o   .  |
[   41.537655] cloud-init[1050]: |..B  . ..+ . ..o |
[   41.537679] cloud-init[1050]: |o* o.   ..o.=oo=.|
[   41.537706] cloud-init[1050]: |*.o.     .oo+BBo.|
[   41.537730] cloud-init[1050]: +----[SHA256]-----+
Starting Socket activation for snappy daemon.
[[0;32m  OK  [0m] Started Daily apt activities.
[[0;32m  OK  [0m] Listening on UUID daemon activation socket.
         Starting LXD - unix socket.
[[0;32m  OK  [0m] Listening on ACPID Listen Socket.
[[0;32m  OK  [0m] Started Daily Cleanup of Temporary Directories.
[[0;32m  OK  [0m] Started Timer to automatically refresh installed snaps.
[[0;32m  OK  [0m] Reached target Timers.
[[0;32m  OK  [0m] Started ACPI Events Check.
[[0;32m  OK  [0m] Started Trigger resolvconf update for networkd DNS.
[[0;32m  OK  [0m] Reached target Paths.
[[0;32m  OK  [0m] Listening on Socket activation for snappy daemon.
[[0;32m  OK  [0m] Listening on LXD - unix socket.
[[0;32m  OK  [0m] Started iSCSI initiator daemon (iscsid).
         Starting Login to default iSCSI targets...
[[0;32m  OK  [0m] Reached target Sockets.
[[0;32m  OK  [0m] Reached target Basic System.
         Starting /etc/rc.local Compatibility...
         Starting LXD - container startup/shutdown...
         Starting Login Service...
         Starting LSB: Record successful boot for GRUB...
[[0;32m  OK  [0m] Started ACPI event daemon.
[[0;32m  OK  [0m] Started Regular background program processing daemon.
         Starting Accounts Service...
         Starting Apply the settings specified in cloud-config...
         Starting LSB: MD monitoring daemon...
[[0;32m  OK  [0m] Started D-Bus System Message Bus.
[[0;32m  OK  [0m] Started FUSE filesystem for LXC.
         Starting Pollinate to seed the pseudo random number generator...
         Starting System Logging Service...
[   43.401390] cloud-init[1173]: Generating locales (this might take a while)...
[[0;32m  OK  [0m] Started Deferred execution scheduler.
[[0;32m  OK  [0m] Started Snappy daemon.
         Starting Auto import assertions from block devices...
[[0;32m  OK  [0m] Started System Logging Service.
[[0;32m  OK  [0m] Started /etc/rc.local Compatibility.
[[0;32m  OK  [0m] Started LXD - container startup/shutdown.
[[0;32m  OK  [0m] Started Auto import assertions from block devices.
[[0;32m  OK  [0m] Started Login to default iSCSI targets.
[[0;32m  OK  [0m] Started LSB: MD monitoring daemon.
[[0;32m  OK  [0m] Started LSB: Record successful boot for GRUB.
[[0;32m  OK  [0m] Started Pollinate to seed the pseudo random number generator.
[[0;32m  OK  [0m] Started Login Service.
         Starting Authenticate and Authorize Users to Run Privileged Tasks...
[   44.138717] cloud-init[1173]:   en_US.UTF-8... done
         Starting OpenBSD Secure Shell server...
[[0;32m  OK  [0m] Reached target Remote File Systems (Pre).
[[0;32m  OK  [0m] Reached target Remote File Systems.
[   44.230827] cloud-init[1173]: Generation complete.
         Starting LSB: automatic crash report generation...
         Starting LSB: Set the CPU Frequency Scaling governor to "ondemand"...
         Starting LSB: VirtualBox Linux Additions...
         Starting Permit User Sessions...
         Starting LSB: daemon to balance interrupts for SMP systems...
[[0;32m  OK  [0m] Started OpenBSD Secure Shell server.
[[0;32m  OK  [0m] Started Permit User Sessions.
[[0;32m  OK  [0m] Started Authenticate and Authorize Users to Run Privileged Tasks.
[[0;32m  OK  [0m] Started Accounts Service.
[[0;32m  OK  [0m] Started LSB: Set the CPU Frequency Scaling governor to "ondemand".
[[0;32m  OK  [0m] Started LSB: automatic crash report generation.
[[0;32m  OK  [0m] Started LSB: VirtualBox Linux Additions.
         Stopping OpenBSD Secure Shell server...
[[0;32m  OK  [0m] Created slice User Slice of ubuntu.
[[0;32m  OK  [0m] Started Session 1 of user ubuntu.
         Starting User Manager for UID 1000...
         Starting Terminate Plymouth Boot Screen...
         Starting Hold until boot process finishes up...
[[0;32m  OK  [0m] Started User Manager for UID 1000.
[[0;32m  OK  [0m] Stopped OpenBSD Secure Shell server.
[[0;32m  OK  [0m] Started LSB: daemon to balance interrupts for SMP systems.
[[0;32m  OK  [0m] Started Terminate Plymouth Boot Screen.
[[0;32m  OK  [0m] Started Hold until boot process finishes up.
         Starting Set console scheme...
[[0;32m  OK  [0m] Started Getty on tty1.
[[0;32m  OK  [0m] Started Serial Getty on ttyS0.
[[0;32m  OK  [0m] Reached target Login Prompts.
         Starting OpenBSD Secure Shell server...
[[0;32m  OK  [0m] Started OpenBSD Secure Shell server.
[[0;32m  OK  [0m] Started Set console scheme.
[[0;32m  OK  [0m] Reached target Multi-User System.
[[0;32m  OK  [0m] Reached target Graphical Interface.
         Starting Update UTMP about System Runlevel Changes...
[[0;32m  OK  [0m] Started Update UTMP about System Runlevel Changes.
[   45.828168] cloud-init[1173]: Cloud-init v. 0.7.8 running 'modules:config' at Sun, 18 Dec 2016 22:20:20 +0000. Up 43.31 seconds.
[[0;32m  OK  [0m] Started Apply the settings specified in cloud-config.
         Starting Execute cloud user/final scripts...
ci-info: no authorized ssh keys fingerprints found for user ubuntu.
<14>Dec 18 22:20:23 ec2: 
<14>Dec 18 22:20:23 ec2: #############################################################
<14>Dec 18 22:20:23 ec2: -----BEGIN SSH HOST KEY FINGERPRINTS-----
<14>Dec 18 22:20:23 ec2: 1024 SHA256:29eI+z5K+pEOFH+vhAfzFPjFoiD5Vij0Mif+zYfVrps root@ubuntu-xenial (DSA)
<14>Dec 18 22:20:23 ec2: 256 SHA256:dFXp6HNbGJwaBrnIVyzKQc/kPWV55NtgdjwDaTKLFS8 root@ubuntu-xenial (ECDSA)
<14>Dec 18 22:20:23 ec2: 256 SHA256:uZ9G+fnpSdsGu7KeJ4I0yFmY6bgaSoF7Ga6Y+ZEEL0g root@ubuntu-xenial (ED25519)
<14>Dec 18 22:20:23 ec2: 2048 SHA256:QEqY66iXw/czCjRJbAJ/PWs+klemuIMDl204ur49vG8 root@ubuntu-xenial (RSA)
<14>Dec 18 22:20:23 ec2: -----END SSH HOST KEY FINGERPRINTS-----
<14>Dec 18 22:20:23 ec2: #############################################################
-----BEGIN SSH HOST KEY KEYS-----
ecdsa-sha2-nistp256 AAAAE2VjZHNhLXNoYTItbmlzdHAyNTYAAAAIbmlzdHAyNTYAAABBBC013zCVblvjPgvvDcgAo6xCtoswz5pXpTImgkPfkq+2WQyCM/TGQWiNzDRQU8l+rwef0YWwVbw2GiMpS2BDUl0= root@ubuntu-xenial
ssh-ed25519 AAAAC3NzaC1lZDI1NTE5AAAAIBoPR1//3Rxjy47BvzKtvrukaZzoWXxl1ii/x5Vvct/0 root@ubuntu-xenial
ssh-rsa AAAAB3NzaC1yc2EAAAADAQABAAABAQDn2YBZVrQzlPohVqStrYPP1CyM1uAx2/z/70MECDs7cM510+Hk9MyPaRoL2LU4ixW/YdfcI8UQw3AXY/tF6WDXNhxzK0Mejcbl+MFVPqzbxxdi0cwtG/Iea8WckILNhGO7JbP0EC7YIzeH/iYHTmy0u4yZdg8eUgso5gVreKC43KPkjbw4Q5AP2rFeUrI1KGoCaW7b6p/3qCsaaRPA35QHq26d0rKKXY3pJKyMuVjC0LqATDoGYQnEywyKB73rQrsTcFAaJ1uh5S/CZo/WLZ+RQzCrd8NUqE3JP7UiNSqUatdt9j6JI+WrtyAaJq/qVmlm0Ft9tjS7SJvmX7wXqKIH root@ubuntu-xenial
-----END SSH HOST KEY KEYS-----
[[0;32m  OK  [0m] Started Session 2 of user ubuntu.
[   47.466656] cloud-init[1479]: Cloud-init v. 0.7.8 running 'modules:final' at Sun, 18 Dec 2016 22:20:23 +0000. Up 46.28 seconds.
[   47.580736] [cloud-init[0;32m  OK  [0m[1479]: ] ci-info: no authorized ssh keys fingerprints found for user ubuntu.Started Execute cloud user/final scripts.

[   47.581289] cloud-init[1479]: Cloud-init v. 0.7.8 finished at Sun, 18 Dec 2016 22:20:24 +0000. Datasource DataSourceNoCloud [seed=/dev/sdb][dsmode=net].  Up 47.45 seconds
[[0;32m  OK  [0m] Reached target Cloud-init target.

Ubuntu 16.04.1 LTS ubuntu-xenial ttyS0

ubuntu-xenial login: 